[05-May-2025 10:50:27 Europe/Berlin] PHP Notice:  session_start(): Ignoring session_start() because a session is already active in C:\xampp\htdocs\Fitzone\index.php on line 6
[07-May-2025 16:36:29 Europe/Berlin] PHP Notice:  session_start(): Ignoring session_start() because a session is already active in C:\xampp\htdocs\Fitzone\index.php on line 6
[16-Jun-2025 09:21:20 Europe/Berlin] Database connection failed: SQLSTATE[HY000] [1045] Access denied for user 'root'@'localhost' (using password: NO)
[16-Jun-2025 09:21:22 Europe/Berlin] Database connection failed: SQLSTATE[HY000] [1045] Access denied for user 'root'@'localhost' (using password: NO)
[16-Jun-2025 09:21:23 Europe/Berlin] Database connection failed: SQLSTATE[HY000] [1045] Access denied for user 'root'@'localhost' (using password: NO)
[16-Jun-2025 09:21:24 Europe/Berlin] Database connection failed: SQLSTATE[HY000] [1045] Access denied for user 'root'@'localhost' (using password: NO)
[16-Jun-2025 09:21:24 Europe/Berlin] Database connection failed: SQLSTATE[HY000] [1045] Access denied for user 'root'@'localhost' (using password: NO)
[16-Jun-2025 09:21:25 Europe/Berlin] Database connection failed: SQLSTATE[HY000] [1045] Access denied for user 'root'@'localhost' (using password: NO)
[16-Jun-2025 09:21:25 Europe/Berlin] Database connection failed: SQLSTATE[HY000] [1045] Access denied for user 'root'@'localhost' (using password: NO)
[16-Jun-2025 09:21:25 Europe/Berlin] Database connection failed: SQLSTATE[HY000] [1045] Access denied for user 'root'@'localhost' (using password: NO)
[16-Jun-2025 09:21:25 Europe/Berlin] Database connection failed: SQLSTATE[HY000] [1045] Access denied for user 'root'@'localhost' (using password: NO)
[16-Jun-2025 09:21:25 Europe/Berlin] Database connection failed: SQLSTATE[HY000] [1045] Access denied for user 'root'@'localhost' (using password: NO)
[16-Jun-2025 09:21:25 Europe/Berlin] Database connection failed: SQLSTATE[HY000] [1045] Access denied for user 'root'@'localhost' (using password: NO)
[16-Jun-2025 09:21:26 Europe/Berlin] Database connection failed: SQLSTATE[HY000] [1045] Access denied for user 'root'@'localhost' (using password: NO)
[16-Jun-2025 09:21:26 Europe/Berlin] Database connection failed: SQLSTATE[HY000] [1045] Access denied for user 'root'@'localhost' (using password: NO)
[16-Jun-2025 09:21:27 Europe/Berlin] Database connection failed: SQLSTATE[HY000] [1045] Access denied for user 'root'@'localhost' (using password: NO)
[16-Jun-2025 09:21:27 Europe/Berlin] Database connection failed: SQLSTATE[HY000] [1045] Access denied for user 'root'@'localhost' (using password: NO)
[16-Jun-2025 09:21:27 Europe/Berlin] Database connection failed: SQLSTATE[HY000] [1045] Access denied for user 'root'@'localhost' (using password: NO)
[16-Jun-2025 09:21:28 Europe/Berlin] Database connection failed: SQLSTATE[HY000] [1045] Access denied for user 'root'@'localhost' (using password: NO)
[16-Jun-2025 09:21:28 Europe/Berlin] Database connection failed: SQLSTATE[HY000] [1045] Access denied for user 'root'@'localhost' (using password: NO)
[16-Jun-2025 09:21:28 Europe/Berlin] Database connection failed: SQLSTATE[HY000] [1045] Access denied for user 'root'@'localhost' (using password: NO)
[16-Jun-2025 09:21:28 Europe/Berlin] Database connection failed: SQLSTATE[HY000] [1045] Access denied for user 'root'@'localhost' (using password: NO)
[16-Jun-2025 09:21:29 Europe/Berlin] Database connection failed: SQLSTATE[HY000] [1045] Access denied for user 'root'@'localhost' (using password: NO)
[16-Jun-2025 09:21:29 Europe/Berlin] Database connection failed: SQLSTATE[HY000] [1045] Access denied for user 'root'@'localhost' (using password: NO)
[16-Jun-2025 09:21:29 Europe/Berlin] Database connection failed: SQLSTATE[HY000] [1045] Access denied for user 'root'@'localhost' (using password: NO)
[16-Jun-2025 09:21:29 Europe/Berlin] Database connection failed: SQLSTATE[HY000] [1045] Access denied for user 'root'@'localhost' (using password: NO)
[16-Jun-2025 09:21:29 Europe/Berlin] Database connection failed: SQLSTATE[HY000] [1045] Access denied for user 'root'@'localhost' (using password: NO)
[16-Jun-2025 09:21:29 Europe/Berlin] Database connection failed: SQLSTATE[HY000] [1045] Access denied for user 'root'@'localhost' (using password: NO)
[16-Jun-2025 09:21:30 Europe/Berlin] Database connection failed: SQLSTATE[HY000] [1045] Access denied for user 'root'@'localhost' (using password: NO)
[16-Jun-2025 09:21:30 Europe/Berlin] Database connection failed: SQLSTATE[HY000] [1045] Access denied for user 'root'@'localhost' (using password: NO)
[16-Jun-2025 09:21:30 Europe/Berlin] Database connection failed: SQLSTATE[HY000] [1045] Access denied for user 'root'@'localhost' (using password: NO)
[16-Jun-2025 09:21:30 Europe/Berlin] Database connection failed: SQLSTATE[HY000] [1045] Access denied for user 'root'@'localhost' (using password: NO)
[16-Jun-2025 09:21:30 Europe/Berlin] Database connection failed: SQLSTATE[HY000] [1045] Access denied for user 'root'@'localhost' (using password: NO)
[16-Jun-2025 09:26:38 Europe/Berlin] PHP Notice:  session_start(): Ignoring session_start() because a session is already active in C:\xampp\htdocs\Fitzone\index.php on line 6
[17-Jun-2025 02:18:05 Europe/Berlin] Database connection failed: SQLSTATE[HY000] [2002] No connection could be made because the target machine actively refused it
[25-Jun-2025 06:18:46 Europe/Berlin] Database connection failed: SQLSTATE[HY000] [2002] No connection could be made because the target machine actively refused it
[25-Jun-2025 06:21:01 Europe/Berlin] PHP Notice:  session_start(): Ignoring session_start() because a session is already active in C:\xampp\htdocs\Fitzone\index.php on line 6
[18-Dec-2025 01:52:11 Europe/Berlin] PHP Notice:  session_start(): Ignoring session_start() because a session is already active in C:\xampp\htdocs\Fitzone\index.php on line 6
[18-Dec-2025 01:53:11 Europe/Berlin] PHP Notice:  session_start(): Ignoring session_start() because a session is already active in C:\xampp\htdocs\Fitzone\index.php on line 6
[18-Dec-2025 07:47:56 Europe/Berlin] PHP Notice:  session_start(): Ignoring session_start() because a session is already active in C:\xampp\htdocs\Fitzone\index.php on line 6
